<?xml version="1.0" encoding="UTF-8"?>
<testsuites name="Test Suite" tests="0" failures="0" errors="0" time="0.839">
</testsuites>